Vivado Simulator v2025.1.0
Copyright 1986-2022 Xilinx, Inc. All Rights Reserved.
Copyright 2022-2025 Advanced Micro Devices, Inc. All Rights Reserved.
Running: C:/Utility/Vivado2025.1/2025.1/Vivado/bin/unwrapped/win64.o/xelab.exe --incr --debug typical --relax --mt 2 -L xil_defaultlib -L secureip -L xpm --snapshot top_wrapper_tb_behav xil_defaultlib.top_wrapper_tb -log elaborate.log 
Using 2 slave threads.
Starting static elaboration
Completed static elaboration
Starting simulation data flow analysis
Completed simulation data flow analysis
Time Resolution for simulation is 1ps
Compiling package std.standard
Compiling package std.textio
Compiling package ieee.std_logic_1164
Compiling package ieee.numeric_std
Compiling package unisim.vcomponents
Compiling architecture behavior of entity xil_defaultlib.alu [alu_default]
Compiling architecture top_alu_0_0_arch of entity xil_defaultlib.top_alu_0_0 [top_alu_0_0_default]
Compiling architecture behavior of entity xil_defaultlib.alu_a_mux [alu_a_mux_default]
Compiling architecture top_alu_a_mux_0_0_arch of entity xil_defaultlib.top_alu_a_mux_0_0 [top_alu_a_mux_0_0_default]
Compiling architecture behavior of entity xil_defaultlib.alu_b_mux [alu_b_mux_default]
Compiling architecture top_alu_b_mux_0_0_arch of entity xil_defaultlib.top_alu_b_mux_0_0 [top_alu_b_mux_0_0_default]
Compiling architecture behavior of entity xil_defaultlib.branch_adder [branch_adder_default]
Compiling architecture top_branch_adder_0_0_arch of entity xil_defaultlib.top_branch_adder_0_0 [top_branch_adder_0_0_default]
Compiling architecture behavior of entity xil_defaultlib.control_unit [control_unit_default]
Compiling architecture top_control_unit_0_0_arch of entity xil_defaultlib.top_control_unit_0_0 [top_control_unit_0_0_default]
Compiling architecture behavior of entity xil_defaultlib.data_memory [data_memory_default]
Compiling architecture top_data_memory_0_0_arch of entity xil_defaultlib.top_data_memory_0_0 [top_data_memory_0_0_default]
Compiling architecture behavior of entity xil_defaultlib.instruction_memory [instruction_memory_default]
Compiling architecture top_instruction_memory_0_0_arch of entity xil_defaultlib.top_instruction_memory_0_0 [top_instruction_memory_0_0_defau...]
Compiling architecture behavior of entity xil_defaultlib.load_extender [load_extender_default]
Compiling architecture top_load_extender_0_0_arch of entity xil_defaultlib.top_load_extender_0_0 [top_load_extender_0_0_default]
Compiling architecture behavior of entity xil_defaultlib.pc_plus_4 [pc_plus_4_default]
Compiling architecture top_pc_plus_4_0_0_arch of entity xil_defaultlib.top_pc_plus_4_0_0 [top_pc_plus_4_0_0_default]
Compiling architecture behavior of entity xil_defaultlib.pc_src_mux [pc_src_mux_default]
Compiling architecture top_pc_src_mux_0_0_arch of entity xil_defaultlib.top_pc_src_mux_0_0 [top_pc_src_mux_0_0_default]
Compiling architecture behavior of entity xil_defaultlib.program_counter [program_counter_default]
Compiling architecture top_program_counter_0_0_arch of entity xil_defaultlib.top_program_counter_0_0 [top_program_counter_0_0_default]
Compiling architecture behavior of entity xil_defaultlib.register_file [register_file_default]
Compiling architecture top_register_file_0_0_arch of entity xil_defaultlib.top_register_file_0_0 [top_register_file_0_0_default]
Compiling architecture behavior of entity xil_defaultlib.sign_extender [sign_extender_default]
Compiling architecture top_sign_extender_0_0_arch of entity xil_defaultlib.top_sign_extender_0_0 [top_sign_extender_0_0_default]
Compiling architecture behavior of entity xil_defaultlib.writeback_mux [writeback_mux_default]
Compiling architecture top_writeback_mux_0_0_arch of entity xil_defaultlib.top_writeback_mux_0_0 [top_writeback_mux_0_0_default]
Compiling architecture structure of entity xil_defaultlib.top [top_default]
Compiling architecture structure of entity xil_defaultlib.top_wrapper [top_wrapper_default]
Compiling architecture simulation of entity xil_defaultlib.top_wrapper_tb
Built simulation snapshot top_wrapper_tb_behav
