Copyright 1986-2022 Xilinx, Inc. All Rights Reserved. Copyright 2022-2025 Advanced Micro Devices, Inc. All Rights Reserved.
---------------------------------------------------------------------------------------------------------------------------------------------
| Tool Version : Vivado v.2025.1 (win64) Build 6140274 Thu May 22 00:12:29 MDT 2025
| Date         : Tue Sep 22 01:20:04 2026
| Host         : claytonsPC running 64-bit major release  (build 9200)
| Command      : report_control_sets -verbose -file board_top_wrapper_control_sets_placed.rpt
| Design       : board_top_wrapper
| Device       : xc7a35t
---------------------------------------------------------------------------------------------------------------------------------------------

Control Set Information

Table of Contents
-----------------
1. Summary
2. Histogram
3. Flip-Flop Distribution
4. Detailed Control Set Information

1. Summary
----------

+----------------------------------------------------------+-------+
|                          Status                          | Count |
+----------------------------------------------------------+-------+
| Total control sets                                       |    39 |
|    Minimum number of control sets                        |    39 |
|    Addition due to synthesis replication                 |     0 |
|    Addition due to physical synthesis replication        |     0 |
| Unused register locations in slices containing registers |     5 |
+----------------------------------------------------------+-------+
* Control sets can be merged at opt_design using control_set_merge or merge_equivalent_drivers
** Run report_qor_suggestions for automated merging and remapping suggestions


2. Histogram
------------

+--------------------+-------+
|       Fanout       | Count |
+--------------------+-------+
| Total control sets |    39 |
| >= 0 to < 4        |     0 |
| >= 4 to < 6        |     0 |
| >= 6 to < 8        |     1 |
| >= 8 to < 10       |     0 |
| >= 10 to < 12      |     0 |
| >= 12 to < 14      |     0 |
| >= 14 to < 16      |     0 |
| >= 16              |    38 |
+--------------------+-------+
* Control sets can be remapped at either synth_design or opt_design


3. Flip-Flop Distribution
-------------------------

+--------------+-----------------------+------------------------+-----------------+--------------+
| Clock Enable | Synchronous Set/Reset | Asynchronous Set/Reset | Total Registers | Total Slices |
+--------------+-----------------------+------------------------+-----------------+--------------+
| No           | No                    | No                     |               7 |            3 |
| No           | No                    | Yes                    |               0 |            0 |
| No           | Yes                   | No                     |              68 |           28 |
| Yes          | No                    | No                     |               0 |            0 |
| Yes          | No                    | Yes                    |               0 |            0 |
| Yes          | Yes                   | No                     |             992 |          594 |
+--------------+-----------------------+------------------------+-----------------+--------------+


4. Detailed Control Set Information
-----------------------------------

+-----------------------------------------------------+------------------------------------------------------------------------+-------------------------------------------------------------------+------------------+----------------+--------------+
|                     Clock Signal                    |                              Enable Signal                             |                          Set/Reset Signal                         | Slice Load Count | Bel Load Count | Bels / Slice |
+-----------------------------------------------------+------------------------------------------------------------------------+-------------------------------------------------------------------+------------------+----------------+--------------+
|  board_clk_IBUF_BUFG                                |                                                                        |                                                                   |                3 |              7 |         2.33 |
|  board_clk_IBUF_BUFG                                |                                                                        | board_top_i/seven_seg_controller_0/U0/refresh_counter[16]_i_1_n_0 |                4 |             16 |         4.00 |
|  board_clk_IBUF_BUFG                                |                                                                        | board_top_i/single_step_clock_0/U0/counter[19]_i_1_n_0            |                6 |             20 |         3.33 |
|  board_top_i/single_step_clock_0/U0/step_pulse_BUFG | board_top_i/top_wrapper_0/U0/top_i/data_memory_0/U0/p_1_in[0]          |                                                                   |                8 |             32 |         4.00 |
|  board_top_i/single_step_clock_0/U0/step_pulse_BUFG | board_top_i/top_wrapper_0/U0/top_i/data_memory_0/U0/p_1_in[8]          |                                                                   |                8 |             32 |         4.00 |
|  board_top_i/single_step_clock_0/U0/step_pulse_BUFG | board_top_i/top_wrapper_0/U0/top_i/register_file_0/U0/registers[12]_42 | reset_IBUF                                                        |               18 |             32 |         1.78 |
|  board_top_i/single_step_clock_0/U0/step_pulse_BUFG | board_top_i/top_wrapper_0/U0/top_i/register_file_0/U0/registers[15]_45 | reset_IBUF                                                        |               18 |             32 |         1.78 |
|  board_top_i/single_step_clock_0/U0/step_pulse_BUFG | board_top_i/top_wrapper_0/U0/top_i/register_file_0/U0/registers[21]_51 | reset_IBUF                                                        |               18 |             32 |         1.78 |
|  board_top_i/single_step_clock_0/U0/step_pulse_BUFG | board_top_i/top_wrapper_0/U0/top_i/register_file_0/U0/registers[22]_52 | reset_IBUF                                                        |               19 |             32 |         1.68 |
|  board_top_i/single_step_clock_0/U0/step_pulse_BUFG | board_top_i/top_wrapper_0/U0/top_i/register_file_0/U0/registers[23]_53 | reset_IBUF                                                        |               18 |             32 |         1.78 |
|  board_top_i/single_step_clock_0/U0/step_pulse_BUFG | board_top_i/top_wrapper_0/U0/top_i/register_file_0/U0/registers[11]_41 | reset_IBUF                                                        |               19 |             32 |         1.68 |
|  board_top_i/single_step_clock_0/U0/step_pulse_BUFG | board_top_i/top_wrapper_0/U0/top_i/register_file_0/U0/registers[26]_56 | reset_IBUF                                                        |               19 |             32 |         1.68 |
|  board_top_i/single_step_clock_0/U0/step_pulse_BUFG | board_top_i/top_wrapper_0/U0/top_i/register_file_0/U0/registers[13]_43 | reset_IBUF                                                        |               18 |             32 |         1.78 |
|  board_top_i/single_step_clock_0/U0/step_pulse_BUFG | board_top_i/top_wrapper_0/U0/top_i/register_file_0/U0/registers[16]_46 | reset_IBUF                                                        |               17 |             32 |         1.88 |
|  board_top_i/single_step_clock_0/U0/step_pulse_BUFG | board_top_i/top_wrapper_0/U0/top_i/register_file_0/U0/registers[19]_49 | reset_IBUF                                                        |               17 |             32 |         1.88 |
|  board_top_i/single_step_clock_0/U0/step_pulse_BUFG | board_top_i/top_wrapper_0/U0/top_i/register_file_0/U0/registers[10]_40 | reset_IBUF                                                        |               21 |             32 |         1.52 |
|  board_top_i/single_step_clock_0/U0/step_pulse_BUFG | board_top_i/top_wrapper_0/U0/top_i/register_file_0/U0/registers[17]_47 | reset_IBUF                                                        |               17 |             32 |         1.88 |
|  board_top_i/single_step_clock_0/U0/step_pulse_BUFG | board_top_i/top_wrapper_0/U0/top_i/register_file_0/U0/registers[1]_31  | reset_IBUF                                                        |               22 |             32 |         1.45 |
|  board_top_i/single_step_clock_0/U0/step_pulse_BUFG | board_top_i/top_wrapper_0/U0/top_i/register_file_0/U0/registers[20]_50 | reset_IBUF                                                        |               17 |             32 |         1.88 |
|  board_top_i/single_step_clock_0/U0/step_pulse_BUFG |                                                                        | reset_IBUF                                                        |               18 |             32 |         1.78 |
|  board_top_i/single_step_clock_0/U0/step_pulse_BUFG | board_top_i/top_wrapper_0/U0/top_i/register_file_0/U0/registers[18]_48 | reset_IBUF                                                        |               18 |             32 |         1.78 |
|  board_top_i/single_step_clock_0/U0/step_pulse_BUFG | board_top_i/top_wrapper_0/U0/top_i/register_file_0/U0/registers[27]_57 | reset_IBUF                                                        |               18 |             32 |         1.78 |
|  board_top_i/single_step_clock_0/U0/step_pulse_BUFG | board_top_i/top_wrapper_0/U0/top_i/register_file_0/U0/registers[14]_44 | reset_IBUF                                                        |               22 |             32 |         1.45 |
|  board_top_i/single_step_clock_0/U0/step_pulse_BUFG | board_top_i/top_wrapper_0/U0/top_i/register_file_0/U0/registers[25]_55 | reset_IBUF                                                        |               18 |             32 |         1.78 |
|  board_top_i/single_step_clock_0/U0/step_pulse_BUFG | board_top_i/top_wrapper_0/U0/top_i/register_file_0/U0/registers[28]_58 | reset_IBUF                                                        |               20 |             32 |         1.60 |
|  board_top_i/single_step_clock_0/U0/step_pulse_BUFG | board_top_i/top_wrapper_0/U0/top_i/register_file_0/U0/registers[29]_59 | reset_IBUF                                                        |               18 |             32 |         1.78 |
|  board_top_i/single_step_clock_0/U0/step_pulse_BUFG | board_top_i/top_wrapper_0/U0/top_i/register_file_0/U0/registers[7]_37  | reset_IBUF                                                        |               17 |             32 |         1.88 |
|  board_top_i/single_step_clock_0/U0/step_pulse_BUFG | board_top_i/top_wrapper_0/U0/top_i/register_file_0/U0/registers[9]_39  | reset_IBUF                                                        |               21 |             32 |         1.52 |
|  board_top_i/single_step_clock_0/U0/step_pulse_BUFG | board_top_i/top_wrapper_0/U0/top_i/register_file_0/U0/registers[30]_60 | reset_IBUF                                                        |               18 |             32 |         1.78 |
|  board_top_i/single_step_clock_0/U0/step_pulse_BUFG | board_top_i/top_wrapper_0/U0/top_i/register_file_0/U0/registers[8]_38  | reset_IBUF                                                        |               20 |             32 |         1.60 |
|  board_top_i/single_step_clock_0/U0/step_pulse_BUFG | board_top_i/top_wrapper_0/U0/top_i/register_file_0/U0/registers[6]_36  | reset_IBUF                                                        |               20 |             32 |         1.60 |
|  board_top_i/single_step_clock_0/U0/step_pulse_BUFG | board_top_i/top_wrapper_0/U0/top_i/register_file_0/U0/registers[3]_33  | reset_IBUF                                                        |               20 |             32 |         1.60 |
|  board_top_i/single_step_clock_0/U0/step_pulse_BUFG | board_top_i/top_wrapper_0/U0/top_i/register_file_0/U0/registers[2]_32  | reset_IBUF                                                        |               21 |             32 |         1.52 |
|  board_top_i/single_step_clock_0/U0/step_pulse_BUFG | board_top_i/top_wrapper_0/U0/top_i/register_file_0/U0/registers[5]_35  | reset_IBUF                                                        |               21 |             32 |         1.52 |
|  board_top_i/single_step_clock_0/U0/step_pulse_BUFG | board_top_i/top_wrapper_0/U0/top_i/register_file_0/U0/registers[31]_61 | reset_IBUF                                                        |               21 |             32 |         1.52 |
|  board_top_i/single_step_clock_0/U0/step_pulse_BUFG | board_top_i/top_wrapper_0/U0/top_i/register_file_0/U0/registers[4]_34  | reset_IBUF                                                        |               24 |             32 |         1.33 |
|  board_top_i/single_step_clock_0/U0/step_pulse_BUFG | board_top_i/top_wrapper_0/U0/top_i/data_memory_0/U0/p_1_in[16]         |                                                                   |                8 |             32 |         4.00 |
|  board_top_i/single_step_clock_0/U0/step_pulse_BUFG | board_top_i/top_wrapper_0/U0/top_i/data_memory_0/U0/p_1_in[24]         |                                                                   |                8 |             32 |         4.00 |
|  board_top_i/single_step_clock_0/U0/step_pulse_BUFG | board_top_i/top_wrapper_0/U0/top_i/register_file_0/U0/registers[24]_54 | reset_IBUF                                                        |               19 |             32 |         1.68 |
+-----------------------------------------------------+------------------------------------------------------------------------+-------------------------------------------------------------------+------------------+----------------+--------------+


